[36mvite v7.3.1 [32mbuilding client environment for production...[36m[39m
transforming...
[32mΓ£ô[39m 138 modules transformed.
node.exe : 
[31mΓ£ù[39m Build 
failed in 1.12s
At line:1 char:1
+ & "C:\Program 
Files\nodejs/node.exe" 
"C:\Program 
Files\nodejs/node_mo 
...
+ ~~~~~~~~~~~~~~~~~~~~~
~~~~~~~~~~~~~~~~~~~~~~~
~~~~~~~~~~~~~~~~~~~~~~~
~~
    + CategoryInfo     
         : NotSpecifi  
  ed: ([31mΓ£ù[39m   
  Build failed in 1    
.12s:String) [], R    
emoteException
    + FullyQualifiedEr 
   rorId : NativeComm  
  andError
 
[31merror during 
build:
[31msrc/pages/auth/For
gotPassword.jsx (3:9): 
"forgotPassword" is 
not exported by "src/se
rvices/authService.js",
 imported by "src/pages
/auth/ForgotPassword.js
x".[31m
file: [36mC:/Users/chi
ra/Downloads/Shree 
Digambara 
Logstics/Shree 
Digambara Logstics/SDL-
Frontend/src/pages/auth
/ForgotPassword.jsx:3:9
[31m
[33m
1: import { useState } 
from "react";
2: import { 
useNavigate, Link } 
from 
"react-router-dom";
3: import { 
forgotPassword, 
resetPassword } from ".
./../services/authServi
ce";
            ^
4: 
5: const 
ForgotPassword = () => 
{
[31m
    at getRollupError (
file:///C:/Users/chira/
Downloads/Shree%20Digam
bara%20Logstics/Shree%2
0Digambara%20Logstics/S
DL-Frontend/node_module
s/rollup/dist/es/shared
/parseAst.js:402:41)
    at error (file:///C
:/Users/chira/Downloads
/Shree%20Digambara%20Lo
gstics/Shree%20Digambar
a%20Logstics/SDL-Fronte
nd/node_modules/rollup/
dist/es/shared/parseAst
.js:398:42)
    at Module.error (fi
le:///C:/Users/chira/Do
wnloads/Shree%20Digamba
ra%20Logstics/Shree%20D
igambara%20Logstics/SDL
-Frontend/node_modules/
rollup/dist/es/shared/n
ode-entry.js:17040:16)
    at 
Module.traceVariable (f
ile:///C:/Users/chira/D
ownloads/Shree%20Digamb
ara%20Logstics/Shree%20
Digambara%20Logstics/SD
L-Frontend/node_modules
/rollup/dist/es/shared/
node-entry.js:17452:29)
    at ModuleScope.find
Variable (file:///C:/Us
ers/chira/Downloads/Shr
ee%20Digambara%20Logsti
cs/Shree%20Digambara%20
Logstics/SDL-Frontend/n
ode_modules/rollup/dist
/es/shared/node-entry.j
s:15070:39)
    at ReturnValueScope
.findVariable (file:///
C:/Users/chira/Download
s/Shree%20Digambara%20L
ogstics/Shree%20Digamba
ra%20Logstics/SDL-Front
end/node_modules/rollup
/dist/es/shared/node-en
try.js:5673:38)
    at FunctionBodyScop
e.findVariable (file://
/C:/Users/chira/Downloa
ds/Shree%20Digambara%20
Logstics/Shree%20Digamb
ara%20Logstics/SDL-Fron
tend/node_modules/rollu
p/dist/es/shared/node-e
ntry.js:5673:38)
    at ReturnValueScope
.findVariable (file:///
C:/Users/chira/Download
s/Shree%20Digambara%20L
ogstics/Shree%20Digamba
ra%20Logstics/SDL-Front
end/node_modules/rollup
/dist/es/shared/node-en
try.js:5673:38)
    at FunctionBodyScop
e.findVariable (file://
/C:/Users/chira/Downloa
ds/Shree%20Digambara%20
Logstics/Shree%20Digamb
ara%20Logstics/SDL-Fron
tend/node_modules/rollu
p/dist/es/shared/node-e
ntry.js:5673:38)
    at BlockScope.findV
ariable (file:///C:/Use
rs/chira/Downloads/Shre
e%20Digambara%20Logstic
s/Shree%20Digambara%20L
ogstics/SDL-Frontend/no
de_modules/rollup/dist/
es/shared/node-entry.js
:5673:38)[39m
